// Jest Snapshot v1, https://goo.gl/fbAQLP

exports[`<Preloader /> DOM structure not changed 1`] = `
<div
  className="preloader"
>
  Loading
</div>
`;
