// Jest Snapshot v1, https://goo.gl/fbAQLP

exports[`<GridItem /> DOM structure not changed 1`] = `
<div
  className="item"
>
  Content
</div>
`;
