// Jest Snapshot v1, https://goo.gl/fbAQLP

exports[`<Layout /> DOM structure not changed 1`] = `
<div
  className="layout"
>
  <header
    className="header"
  >
    <h1
      className="title"
    >
      Welcome to The Rick and Morty Wiki!
    </h1>
  </header>
  Content
</div>
`;
