// Jest Snapshot v1, https://goo.gl/fbAQLP

exports[`<Pagination /> DOM structure not changed 1`] = `
<div
  className="pagination"
>
  <button
    className="button"
    disabled={true}
    type="button"
  >
    Previos page
  </button>
  <span
    className="status"
  >
    1/2
  </span>
  <a
    className="link"
    href="/?page=2"
    onClick={[Function]}
    onMouseEnter={[Function]}
  >
    Next page
  </a>
</div>
`;
